// Jest Snapshot v1, https://goo.gl/fbAQLP

exports[`<TestPage /> should render and match the snapshot 1`] = `
<React.Fragment>
  <Helmet
    defer={true}
    encodeSpecialCharacters={true}
  >
    <title>
      Test Page
    </title>
    <meta
      content="A React Boilerplate application homepage"
      name="description"
    />
  </Helmet>
  <NavBar />
  <ForwardRef(PageWrapper)>
    <Masthead />
    <SignUp />
  </ForwardRef(PageWrapper)>
</React.Fragment>
`;
